\BOOKMARK [0][-]{chapter.0}{\376\377\000I\000n\000t\000r\000o\000d\000u\000c\000t\000i\000o\000n}{}% 1
\BOOKMARK [1][-]{section*.3}{\376\377\000O\000v\000e\000r\000v\000i\000e\000w}{chapter.0}% 2
\BOOKMARK [1][-]{section*.3}{\376\377\000F\000o\000r\000m\000a\000t\000,\000\040\000B\000a\000c\000k\000g\000r\000o\000u\000n\000d\000,\000\040\000a\000n\000d\000\040\000C\000o\000n\000v\000e\000n\000t\000i\000o\000n\000s}{chapter.0}% 3
\BOOKMARK [1][-]{theorem.0.0.0.3}{\376\377\000A\000c\000k\000n\000o\000w\000l\000e\000d\000g\000e\000m\000e\000n\000t\000s}{chapter.0}% 4
\BOOKMARK [0][-]{chapter.1}{\376\377\000H\000e\000l\000l\000o\000,\000\040\000A\000d\000e\000l\000e}{}% 5
\BOOKMARK [1][-]{section.1.1}{\376\377\000A\000d\000e\000l\000e\000s\000\040\000a\000n\000d\000\040\000I\000d\000e\000l\000e\000s}{chapter.1}% 6
\BOOKMARK [2][-]{subsection.1.1.1}{\376\377\000I\000n\000t\000r\000o\000d\000u\000c\000t\000i\000o\000n\000:\000\040\000M\000e\000e\000t\000i\000n\000g\000\040\000t\000h\000e\000\040\000A\000d\000e\000l\000e\000s\000\040\000a\000n\000d\000\040\000I\000d\000e\000l\000e\000s}{section.1.1}% 7
\BOOKMARK [2][-]{subsection.1.1.2}{\376\377\000A\000d\000e\000l\000i\000c\000\040\000C\000h\000a\000r\000a\000c\000t\000e\000r\000s\000\040\000a\000n\000d\000\040\000M\000e\000a\000s\000u\000r\000e\000s}{section.1.1}% 8
\BOOKMARK [2][-]{subsection.1.1.3}{\376\377\000A\000d\000e\000l\000i\000c\000\040\000A\000p\000p\000r\000o\000x\000i\000m\000a\000t\000i\000o\000n\000s\000\040\000a\000n\000d\000\040\000Q\000u\000o\000t\000i\000e\000n\000t\000s}{section.1.1}% 9
\BOOKMARK [2][-]{subsection.1.1.4}{\376\377\000T\000h\000e\000\040\000S\000-\000G\000r\000o\000u\000p\000s}{section.1.1}% 10
\BOOKMARK [0][-]{chapter.2}{\376\377\000T\000h\000e\000\040\000T\000h\000e\000s\000i\000s\000\040\000o\000f\000\040\000T\000a\000t\000e\000\040\000\050\000a\000.\000k\000.\000a\000,\000\040\000`\0003\003\001\0009\000`\0004\0002\000`\000"\003\007\0006\0001\0003\000A\000`\000`\0004\0005\000`\0004\0007\000`\000"\0006\0000\0003\000A\000G\000L\0001\000\051}{}% 11
\BOOKMARK [1][-]{section.2.2}{\376\377\000T\000h\000e\000\040\000L\000o\000c\000a\000l\000\040\000T\000h\000e\000o\000r\000y}{chapter.2}% 12
\BOOKMARK [2][-]{subsection.2.2.1}{\376\377\000T\000h\000e\000\040\000L\000o\000c\000a\000l\000\040\000F\000u\000n\000c\000t\000i\000o\000n\000a\000l\000\040\000E\000q\000u\000a\000t\000i\000o\000n\000s}{section.2.2}% 13
\BOOKMARK [2][-]{subsection.2.2.2}{\376\377\000T\000h\000e\000\040\000E\000p\000s\000i\000l\000o\000n\000\040\000a\000n\000d\000\040\000G\000a\000m\000m\000a\000\040\000F\000a\000c\000t\000o\000r\000s\000\040\000\050\000w\000i\000t\000h\000\040\000m\000a\000n\000y\000\040\000t\000a\000b\000l\000e\000s\000\051}{section.2.2}% 14
\BOOKMARK [1][-]{section.2.3}{\376\377\000T\000h\000e\000\040\000G\000l\000o\000b\000a\000l\000\040\000T\000h\000e\000o\000r\000y}{chapter.2}% 15
\BOOKMARK [2][-]{subsection.2.3.1}{\376\377\000A\000d\000e\000l\000i\000c\000\040\000F\000o\000u\000r\000i\000e\000r\000\040\000T\000h\000e\000o\000r\000y\000\040\000\050\000w\000i\000t\000h\000\040\000s\000o\000m\000e\000\040\000R\000i\000e\000m\000a\000n\000n\000-\000R\000o\000c\000h\000\051}{section.2.3}% 16
\BOOKMARK [2][-]{subsection.2.3.2}{\376\377\000T\000h\000e\000\040\000G\000l\000o\000b\000a\000l\000\040\000F\000u\000n\000c\000t\000i\000o\000n\000a\000l\000\040\000E\000q\000u\000a\000t\000i\000o\000n}{section.2.3}% 17
\BOOKMARK [1][-]{section.2.4}{\376\377\000E\000x\000a\000m\000p\000l\000e\000s\000\040\000a\000n\000d\000\040\000A\000p\000p\000l\000i\000c\000a\000t\000i\000o\000n\000s}{chapter.2}% 18
\BOOKMARK [2][-]{subsection.2.4.1}{\376\377\000I\000m\000m\000e\000d\000i\000a\000t\000e\000\040\000C\000o\000r\000o\000l\000l\000a\000r\000i\000e\000s\000\040\000o\000f\000\040\000t\000h\000e\000\040\000M\000a\000i\000n\000\040\000T\000h\000e\000o\000r\000e\000m}{section.2.4}% 19
\BOOKMARK [2][-]{subsection.2.4.2}{\376\377\000H\000e\000c\000k\000e\000\040\000L\000-\000f\000u\000n\000c\000t\000i\000o\000n\000s\000\040\000a\000n\000d\000\040\000G\000l\000o\000b\000a\000l\000\040\000E\000p\000s\000i\000l\000o\000n\000\040\000F\000a\000c\000t\000o\000r\000s}{section.2.4}% 20
\BOOKMARK [2][-]{subsection.2.4.3}{\376\377\000D\000e\000d\000e\000k\000i\000n\000d\000\040\000Z\000e\000t\000a\000\040\000F\000u\000n\000c\000t\000i\000o\000n\000s}{section.2.4}% 21
\BOOKMARK [0][-]{thmt@dummyctr.dummy.147}{\376\377\000R\000e\000f\000e\000r\000e\000n\000c\000e\000s}{}% 22
